[2026-08-10T08:46:25.696+0000][info][gc] Using G1
[2026-08-10T08:46:26.163+0000][info][gc] GC(0) Pause Young (Normal) (G1 Evacuation Pause) 26M->3M(512M) 3.023ms
[2026-08-10T08:46:26.480+0000][info][gc] GC(1) Pause Young (Normal) (G1 Evacuation Pause) 33M->4M(512M) 3.892ms
[2026-08-10T08:46:27.326+0000][info][gc] GC(2) Pause Young (Concurrent Start) (Metadata GC Threshold) 96M->9M(512M) 7.398ms
[2026-08-10T08:46:27.326+0000][info][gc] GC(3) Concurrent Mark Cycle
[2026-08-10T08:46:27.335+0000][info][gc] GC(3) Pause Remark 10M->10M(512M) 1.586ms
[2026-08-10T08:46:27.336+0000][info][gc] GC(3) Pause Cleanup 10M->10M(512M) 0.122ms
[2026-08-10T08:46:27.341+0000][info][gc] GC(3) Concurrent Mark Cycle 14.646ms
[2026-08-10T08:46:28.832+0000][info][gc] GC(4) Pause Young (Prepare Mixed) (G1 Evacuation Pause) 111M->15M(512M) 10.792ms
[2026-08-10T08:46:28.841+0000][info][gc] GC(5) Pause Young (Mixed) (Metadata GC Threshold) 17M->15M(512M) 6.447ms
[2026-08-10T08:46:28.860+0000][info][gc] GC(6) Pause Young (Concurrent Start) (Metadata GC Threshold) 19M->15M(512M) 3.729ms
[2026-08-10T08:46:28.860+0000][info][gc] GC(7) Concurrent Mark Cycle
[2026-08-10T08:46:28.880+0000][info][gc] GC(7) Pause Remark 17M->17M(512M) 3.437ms
[2026-08-10T08:46:28.884+0000][info][gc] GC(7) Pause Cleanup 17M->17M(512M) 0.092ms
[2026-08-10T08:46:28.885+0000][info][gc] GC(7) Concurrent Mark Cycle 24.771ms
[2026-08-10T08:46:29.815+0000][info][gc] GC(8) Pause Young (Normal) (G1 Evacuation Pause) 209M->22M(512M) 7.895ms
[2026-08-10T08:46:30.171+0000][info][gc] GC(9) Pause Young (Normal) (G1 Evacuation Pause) 315M->24M(512M) 8.541ms
[2026-08-10T08:46:30.492+0000][info][gc] GC(10) Pause Young (Normal) (G1 Evacuation Pause) 315M->18M(512M) 5.527ms
[2026-08-10T08:46:30.827+0000][info][gc] GC(11) Pause Young (Normal) (G1 Evacuation Pause) 315M->26M(512M) 8.536ms
[2026-08-10T08:46:31.135+0000][info][gc] GC(12) Pause Young (Normal) (G1 Evacuation Pause) 315M->26M(512M) 7.826ms
[2026-08-10T08:46:31.562+0000][info][gc] GC(13) Pause Young (Normal) (G1 Evacuation Pause) 315M->32M(512M) 11.714ms
[2026-08-10T08:46:31.947+0000][info][gc] GC(14) Pause Young (Normal) (G1 Evacuation Pause) 315M->24M(512M) 9.429ms
[2026-08-10T08:46:32.268+0000][info][gc] GC(15) Pause Young (Normal) (G1 Evacuation Pause) 322M->25M(512M) 5.837ms
[2026-08-10T08:46:32.578+0000][info][gc] GC(16) Pause Young (Normal) (G1 Evacuation Pause) 322M->24M(512M) 6.287ms
[2026-08-10T08:46:32.909+0000][info][gc] GC(17) Pause Young (Normal) (G1 Evacuation Pause) 321M->24M(512M) 5.300ms
[2026-08-10T08:46:33.230+0000][info][gc] GC(18) Pause Young (Normal) (G1 Evacuation Pause) 321M->26M(512M) 5.778ms
[2026-08-10T08:46:33.542+0000][info][gc] GC(19) Pause Young (Normal) (G1 Evacuation Pause) 321M->24M(512M) 5.183ms
[2026-08-10T08:46:33.871+0000][info][gc] GC(20) Pause Young (Normal) (G1 Evacuation Pause) 321M->25M(512M) 5.735ms
[2026-08-10T08:46:34.207+0000][info][gc] GC(21) Pause Young (Normal) (G1 Evacuation Pause) 321M->23M(512M) 5.807ms
[2026-08-10T08:46:34.512+0000][info][gc] GC(22) Pause Young (Normal) (G1 Evacuation Pause) 321M->21M(512M) 3.927ms
[2026-08-10T08:46:34.833+0000][info][gc] GC(23) Pause Young (Normal) (G1 Evacuation Pause) 322M->23M(512M) 5.530ms
[2026-08-10T08:46:35.172+0000][info][gc] GC(24) Pause Young (Normal) (G1 Evacuation Pause) 322M->18M(512M) 3.302ms
[2026-08-10T08:46:35.502+0000][info][gc] GC(25) Pause Young (Normal) (G1 Evacuation Pause) 322M->25M(512M) 5.468ms
[2026-08-10T08:46:35.831+0000][info][gc] GC(26) Pause Young (Normal) (G1 Evacuation Pause) 322M->20M(512M) 3.660ms
[2026-08-10T08:46:36.178+0000][info][gc] GC(27) Pause Young (Normal) (G1 Evacuation Pause) 322M->26M(512M) 6.184ms
[2026-08-10T08:46:36.508+0000][info][gc] GC(28) Pause Young (Normal) (G1 Evacuation Pause) 322M->19M(512M) 3.446ms
[2026-08-10T08:46:36.852+0000][info][gc] GC(29) Pause Young (Normal) (G1 Evacuation Pause) 322M->19M(512M) 3.596ms
[2026-08-10T08:46:37.193+0000][info][gc] GC(30) Pause Young (Normal) (G1 Evacuation Pause) 322M->21M(512M) 3.940ms
[2026-08-10T08:46:37.502+0000][info][gc] GC(31) Pause Young (Normal) (G1 Evacuation Pause) 322M->31M(512M) 7.405ms
[2026-08-10T08:46:37.832+0000][info][gc] GC(32) Pause Young (Normal) (G1 Evacuation Pause) 323M->25M(512M) 4.767ms
[2026-08-10T08:46:38.163+0000][info][gc] GC(33) Pause Young (Normal) (G1 Evacuation Pause) 323M->27M(512M) 5.427ms
